Microchip MPLAB XC8 Compiler V2.31

Linker command line:

-W-3 --edf=C:\Program Files\Microchip\xc8\v2.31\pic\dat\en_msgs.txt -cn \
  -h+dist/default/production\v2.X.production.sym \
  --cmf=dist/default/production\v2.X.production.cmf -z -Q16F877A \
  -oC:\Users\Nader\AppData\Local\Temp\s3v8.3 \
  -Mdist/default/production/v2.X.production.map -E1 -ver=XC8 Compiler \
  -ASTACK=0110h-016Fh -pstack=STACK -ACODE=00h-07FFhx4 -ASTRCODE=00h-01FFFh \
  -ASTRING=00h-0FFhx32 -ACONST=00h-0FFhx32 -AENTRY=00h-0FFhx32 \
  -ACOMMON=070h-07Fh -ABANK0=020h-06Fh -ABANK1=0A0h-0EFh \
  -ABANK2=0110h-016Fh -ABANK3=0190h-01EFh \
  -ARAM=020h-06Fh,0A0h-0EFh,0110h-016Fh,0190h-01EFh \
  -AABS1=020h-07Fh,0A0h-0EFh,0110h-016Fh,0190h-01EFh -ASFR0=00h-01Fh \
  -ASFR1=080h-09Fh -ASFR2=0100h-010Fh -ASFR3=0180h-018Fh \
  -ACONFIG=02007h-02007h -DCONFIG=2 -AIDLOC=02000h-02003h -DIDLOC=2 \
  -AEEDATA=00h-0FFh/02100h -peeprom_data=EEDATA -DEEDATA=2 -DCODE=2 \
  -DSTRCODE=2 -DSTRING=2 -DCONST=2 -DENTRY=2 \
  -preset_vec=00h,intentry=04h,init,end_init -ppowerup=CODE -pcinit=CODE \
  -pfunctab=ENTRY -k C:\Users\Nader\AppData\Local\Temp\s3v8.obj \
  dist/default/production\v2.X.production.obj 

Object code version is 3.11

Machine type is 16F877A



                Name                               Link     Load   Length Selector   Space Scale
C:\Users\Nader\AppData\Local\Temp\s3v8.obj
                end_init                              C        C        3        8       0
                reset_vec                             0        0        3        0       0
                config                             2007     2007        1        0       4
dist/default/production\v2.X.production.obj
                cinit                                 F        F        9        8       0
                intentry                              4        4        8        8       0
                config                             2007     2007        1        0       4
                text22                              F91      F91        7     1F22       0
                text21                              FAE      FAE        C     1F5C       0
                text20                              7CF      7CF       1A      838       0
                text19                              7E9      7E9       16      838       0
                text18                              F98      F98        B     1F30       0
                text17                              5AA      5AA       67      838       0
                text16                              FBA      FBA       10     1F74       0
                text15                              F8D      F8D        4     1F1A       0
                text14                              FA3      FA3        B     1F46       0
                text13                              700      700       4B      838       0
                text12                              74B      74B       45      838       0
                text11                              790      790       3F      838       0
                text10                              4F0      4F0       BA      838       0
                text9                               2F5      2F5        B      5EA       0
                text8                               41C      41C       D4      838       0
                text7                               2A6      2A6       3D        8       0
                text6                               6B4      6B4       4C      838       0
                text5                               611      611       54      838       0
                text4                                18       18      132        8       0
                text3                               665      665       4F      838       0
                text2                               FCA      FCA       36     1F94       0
                text1                               14A      14A      11F        8       0
                maintext                            269      269       3D        8       0
                cstackBANK0                          20       20       10       20       1
                cstackCOMMON                         70       70        A       70       1
                dataBANK0                            30       30        1       20       1
                bssCOMMON                            7A       7A        1       70       1
                stringtext                          300      300      11C        6       0
                strings                             2E3      2E3       12      5C6       0
                idataBANK0                          7FF      7FF        1      838       0

TOTAL           Name                               Link     Load   Length     Space
        CLASS   STACK          

        CLASS   CODE           
                end_init                              C        C        3         0
                cinit                                 F        F        9         0
                intentry                              4        4        8         0
                reset_vec                             0        0        3         0
                text22                              F91      F91        7         0
                text21                              FAE      FAE        C         0
                text20                              7CF      7CF       1A         0
                text19                              7E9      7E9       16         0
                text18                              F98      F98        B         0
                text17                              5AA      5AA       67         0
                text16                              FBA      FBA       10         0
                text15                              F8D      F8D        4         0
                text14                              FA3      FA3        B         0
                text13                              700      700       4B         0
                text12                              74B      74B       45         0
                text11                              790      790       3F         0
                text10                              4F0      4F0       BA         0
                text9                               2F5      2F5        B         0
                text8                               41C      41C       D4         0
                text7                               2A6      2A6       3D         0
                text6                               6B4      6B4       4C         0
                text5                               611      611       54         0
                text4                                18       18      132         0
                text3                               665      665       4F         0
                text2                               FCA      FCA       36         0
                text1                               14A      14A      11F         0
                maintext                            269      269       3D         0
                idataBANK0                          7FF      7FF        1         0

        CLASS   STRCODE        
                stringtext                          300      300      11C         0

        CLASS   STRING         
                strings                             2E3      2E3       12         0

        CLASS   CONST          

        CLASS   ENTRY          

        CLASS   COMMON         
                cstackCOMMON                         70       70        A         1
                bssCOMMON                            7A       7A        1         1

        CLASS   BANK0          
                cstackBANK0                          20       20       10         1
                dataBANK0                            30       30        1         1

        CLASS   BANK1          

        CLASS   BANK2          

        CLASS   BANK3          

        CLASS   RAM            

        CLASS   ABS1           
                abs_s1                               7E       7E        2         1

        CLASS   SFR0           

        CLASS   SFR1           

        CLASS   SFR2           

        CLASS   SFR3           

        CLASS   CONFIG         
                config                             2007     2007        1         4

        CLASS   IDLOC          

        CLASS   EEDATA         



SEGMENTS        Name                           Load    Length   Top    Selector   Space  Class     Delta

                reset_vec                      000000  000003  000003         0       0  CODE        2
                intentry                       000004  0002DF  0002E3         8       0  CODE        2
                cstackBANK0                    000020  000011  000031        20       1  BANK0       1
                cstackCOMMON                   000070  00000B  00007B        70       1  COMMON      1
                strings                        0002E3  000012  0002F5       5C6       0  STRING      2
                text9                          0002F5  00000B  000300       5EA       0  CODE        2
                stringtext                     000300  00011C  00041C         6       0  STRCODE     2
                text8                          00041C  0003E4  000800       838       0  CODE        2
                text15                         000F8D  000004  000F91      1F1A       0  CODE        2
                text22                         000F91  000007  000F98      1F22       0  CODE        2
                text18                         000F98  00000B  000FA3      1F30       0  CODE        2
                text14                         000FA3  00000B  000FAE      1F46       0  CODE        2
                text21                         000FAE  00000C  000FBA      1F5C       0  CODE        2
                text16                         000FBA  000010  000FCA      1F74       0  CODE        2
                text2                          000FCA  000036  001000      1F94       0  CODE        2


UNUSED ADDRESS RANGES

        Name                Unused          Largest block    Delta
        BANK0            0031-006F             3F           1
        BANK1            00A0-00EF             50           1
        BANK2            0110-016F             60           1
        BANK3            0190-01EF             60           1
        CODE             0003-0003              1           2
                         0800-0F8C            78D
                         1000-1FFF            800
        COMMON           007B-007D              3           1
        CONST            0003-0003              1           2
                         0800-0F8C            100
                         1000-1FFF            100
        EEDATA           2100-21FF            100           2
        ENTRY            0003-0003              1           2
                         0800-0F8C            100
                         1000-1FFF            100
        IDLOC            2000-2003              4           2
        RAM              0031-006F             3F           1
                         00A0-00EF             50
                         0110-016F             60
                         0190-01EF             60
        SFR0             0000-001F             20           1
        SFR1             0080-009F             20           1
        SFR2             0100-010F             10           1
        SFR3             0180-018F             10           1
        STACK            0110-016F             60           1
        STRCODE          0003-0003              1           2
                         0800-0F8C            78D
                         1000-1FFF           1000
        STRING           0003-0003              1           2
                         0800-0F8C            100
                         1000-1FFF            100

                                  Symbol Table

LCD_CMD@CMD                  cstackCOMMON 0075
LCD_DATA@Data                cstackCOMMON 0073
LCD_Set_Cursor@High4         cstackBANK0  0022
LCD_Set_Cursor@Low4          cstackBANK0  0021
LCD_Set_Cursor@Temp          cstackBANK0  0023
LCD_Set_Cursor@c             cstackCOMMON 0076
LCD_Set_Cursor@r             cstackBANK0  0020
LCD_Write_Char@Data          cstackCOMMON 0077
LCD_Write_Char@High4         cstackCOMMON 0076
LCD_Write_Char@Low4          cstackCOMMON 0075
LCD_Write_String@i           cstackBANK0  0023
LCD_Write_String@str         cstackCOMMON 0078
_ADCON1                      (abs)        009F
_INTCONbits                  (abs)        000B
_ISR                         text21       0FAE
_Is_Data_Recieved            text22       0F91
_LCD_CMD                     text19       07E9
_LCD_Clear                   text18       0F98
_LCD_DATA                    text20       07CF
_LCD_Init                    text17       05AA
_LCD_SL                      text14       0FA3
_LCD_SR                      text9        02F5
_LCD_Set_Cursor              text13       0700
_LCD_Write_Char              text12       074B
_LCD_Write_String            text11       0790
_PIE1bits                    (abs)        008C
_PIR1bits                    (abs)        000C
_PORTA                       (abs)        0005
_PORTEbits                   (abs)        0009
_RA0                         (abs)        0028
_RA4                         (abs)        002C
_RA5                         (abs)        002D
_RB0                         (abs)        0030
_RB1                         (abs)        0031
_RB4                         (abs)        0034
_RB5                         (abs)        0035
_RB6                         (abs)        0036
_RB7                         (abs)        0037
_RC0                         (abs)        0038
_RC2                         (abs)        003A
_RC3                         (abs)        003B
_RCIF                        (abs)        0065
_RCREG                       (abs)        001A
_RCSTAbits                   (abs)        0018
_RD0                         (abs)        0040
_RE0                         (abs)        0048
_RecievedData                bssCOMMON    007A
_SPBRG                       (abs)        0099
_TRISAbits                   (abs)        0085
_TRISB                       (abs)        0086
_TRISBbits                   (abs)        0086
_TRISCbits                   (abs)        0087
_TRISDbits                   (abs)        0088
_TRISEbits                   (abs)        0089
_TXSTAbits                   (abs)        0098
_UART_RX_Init                text16       0FBA
_UART_Read                   text15       0F8D
__Habs1                      abs1         0000
__Hbank0                     bank0        0000
__Hbank1                     bank1        0000
__Hbank2                     bank2        0000
__Hbank3                     bank3        0000
__HbssCOMMON                 bssCOMMON    0000
__Hcinit                     cinit        0018
__Hclrtext                   clrtext      0000
__Hcode                      code         0000
__Hcommon                    common       0000
__Hconfig                    config       2008
__HcstackBANK0               cstackBANK0  0000
__HcstackCOMMON              cstackCOMMON 0000
__HdataBANK0                 dataBANK0    0000
__Heeprom_data               eeprom_data  0000
__Hend_init                  end_init     000F
__Hfunctab                   functab      0000
__HidataBANK0                idataBANK0   0000
__Hinit                      init         000C
__Hintentry                  intentry     000C
__Hmaintext                  maintext     0000
__Hpowerup                   powerup      0000
__Hram                       ram          0000
__Hreset_vec                 reset_vec    0003
__Hsfr0                      sfr0         0000
__Hsfr1                      sfr1         0000
__Hsfr2                      sfr2         0000
__Hsfr3                      sfr3         0000
__Hspace_0                   (abs)        1000
__Hspace_1                   (abs)        007B
__Hspace_2                   (abs)        0000
__Hspace_3                   (abs)        0000
__Hspace_4                   (abs)        400F
__Hstack                     stack        0000
__Hstrings                   strings      0000
__Hstringtext                stringtext   0000
__Htext                      text         0000
__Labs1                      abs1         0000
__Lbank0                     bank0        0000
__Lbank1                     bank1        0000
__Lbank2                     bank2        0000
__Lbank3                     bank3        0000
__LbssCOMMON                 bssCOMMON    0000
__Lcinit                     cinit        000F
__Lclrtext                   clrtext      0000
__Lcode                      code         0000
__Lcommon                    common       0000
__Lconfig                    config       0000
__LcstackBANK0               cstackBANK0  0000
__LcstackCOMMON              cstackCOMMON 0000
__LdataBANK0                 dataBANK0    0000
__Leeprom_data               eeprom_data  0000
__Lend_init                  end_init     000C
__Lfunctab                   functab      0000
__LidataBANK0                idataBANK0   0000
__Linit                      init         000C
__Lintentry                  intentry     0004
__Lmaintext                  maintext     0000
__Lpowerup                   powerup      0000
__Lram                       ram          0000
__Lreset_vec                 reset_vec    0000
__Lsfr0                      sfr0         0000
__Lsfr1                      sfr1         0000
__Lsfr2                      sfr2         0000
__Lsfr3                      sfr3         0000
__Lspace_0                   (abs)        0000
__Lspace_1                   (abs)        0000
__Lspace_2                   (abs)        0000
__Lspace_3                   (abs)        0000
__Lspace_4                   (abs)        0000
__Lstack                     stack        0000
__Lstrings                   strings      0000
__Lstringtext                stringtext   0000
__Ltext                      text         0000
__S0                         (abs)        1000
__S1                         (abs)        007B
__S2                         (abs)        0000
__S3                         (abs)        0000
___int_sp                    stack        0000
___latbits                   (abs)        0002
___sp                        stack        0000
___stackhi                   (abs)        0000
___stacklo                   (abs)        0000
__end_of_ISR                 text21       0FBA
__end_of_Is_Data_Recieved    text22       0F98
__end_of_LCD_CMD             text19       07FF
__end_of_LCD_Clear           text18       0FA3
__end_of_LCD_DATA            text20       07E9
__end_of_LCD_Init            text17       0611
__end_of_LCD_SL              text14       0FAE
__end_of_LCD_SR              text9        0300
__end_of_LCD_Set_Cursor      text13       074B
__end_of_LCD_Write_Char      text12       0790
__end_of_LCD_Write_String    text11       07CF
__end_of_UART_RX_Init        text16       0FCA
__end_of_UART_Read           text15       0F91
__end_of__initialization     cinit        0014
__end_of__stringtab          strings      02F5
__end_of_instruction_screen  text10       05AA
__end_of_led_off             text7        02E3
__end_of_led_on              text6        0700
__end_of_led_testing         text4        014A
__end_of_main                maintext     02A6
__end_of_new_led             text3        06B4
__end_of_screen_saver        text8        04F0
__end_of_splash_screen       text2        1000
__end_of_start_led_actions   text1        0269
__end_of_start_led_actions2  text5        0665
__initialization             cinit        000F
__pbssCOMMON                 bssCOMMON    007A
__pcstackBANK0               cstackBANK0  0020
__pcstackCOMMON              cstackCOMMON 0070
__pdataBANK0                 dataBANK0    0030
__pidataBANK0                idataBANK0   07FF
__pintentry                  intentry     0004
__pmaintext                  maintext     0269
__pstrings                   strings      02E3
__pstringtext                stringtext   0300
__ptext1                     text1        014A
__ptext10                    text10       04F0
__ptext11                    text11       0790
__ptext12                    text12       074B
__ptext13                    text13       0700
__ptext14                    text14       0FA3
__ptext15                    text15       0F8D
__ptext16                    text16       0FBA
__ptext17                    text17       05AA
__ptext18                    text18       0F98
__ptext19                    text19       07E9
__ptext2                     text2        0FCA
__ptext20                    text20       07CF
__ptext21                    text21       0FAE
__ptext22                    text22       0F91
__ptext3                     text3        0665
__ptext4                     text4        0018
__ptext5                     text5        0611
__ptext6                     text6        06B4
__ptext7                     text7        02A6
__ptext8                     text8        041C
__ptext9                     text9        02F5
__size_of_ISR                (abs)        0000
__size_of_Is_Data_Recieved   (abs)        0000
__size_of_LCD_CMD            (abs)        0000
__size_of_LCD_Clear          (abs)        0000
__size_of_LCD_DATA           (abs)        0000
__size_of_LCD_Init           (abs)        0000
__size_of_LCD_SL             (abs)        0000
__size_of_LCD_SR             (abs)        0000
__size_of_LCD_Set_Cursor     (abs)        0000
__size_of_LCD_Write_Char     (abs)        0000
__size_of_LCD_Write_String   (abs)        0000
__size_of_UART_RX_Init       (abs)        0000
__size_of_UART_Read          (abs)        0000
__size_of_instruction_screen (abs)        0000
__size_of_led_off            (abs)        0000
__size_of_led_on             (abs)        0000
__size_of_led_testing        (abs)        0000
__size_of_main               (abs)        0000
__size_of_new_led            (abs)        0000
__size_of_screen_saver       (abs)        0000
__size_of_splash_screen      (abs)        0000
__size_of_start_led_actions  (abs)        0000
__size_of_start_led_actions2 (abs)        0000
__stringbase                 strings      02F5
__stringtab                  strings      02E3
_instruction_screen          text10       04F0
_led_off                     text7        02A6
_led_on                      text6        06B4
_led_testing                 text4        0018
_main                        maintext     0269
_new_led                     text3        0665
_screen_saver                text8        041C
_splash_screen               text2        0FCA
_start_led_actions           text1        014A
_start_led_actions2          text5        0611
_start_once                  dataBANK0    0030
btemp                        (abs)        007E
end_of_initialization        cinit        0014
instruction_screen@i         cstackBANK0  0028
instruction_screen@i_146     cstackBANK0  002A
interrupt_function           intentry     0004
intlevel0                    functab      0000
intlevel1                    functab      0000
intlevel2                    functab      0000
intlevel3                    functab      0000
intlevel4                    functab      0000
intlevel5                    functab      0000
led_off@pin_number           cstackCOMMON 0073
led_on@pin_number            cstackCOMMON 0075
new_led@pin_number           cstackCOMMON 0073
reset_vec                    reset_vec    0000
saved_w                      (abs)        007E
screen_saver@i               cstackBANK0  0028
screen_saver@i_136           cstackBANK0  002A
screen_saver@i_139           cstackBANK0  002C
screen_saver@i_140           cstackBANK0  002E
start                        init         000C
start_initialization         cinit        000F
wtemp0                       (abs)        007E


FUNCTION INFORMATION:

 *************** function _main *****************
 Defined at:
		line 52 in file "main.c"
 Parameters:    Size  Location     Type
		None
 Auto vars:     Size  Location     Type
		None
 Return value:  Size  Location     Type
                  1    wreg      void 
 Registers used:
		wreg, fsr0l, fsr0h, status,2, status,0, btemp+1, pclath, cstack
 Tracked objects:
		On entry : 
		On exit  : 
		Unchanged: 
 Data sizes:     COMMON   BANK0   BANK1   BANK3   BANK2
      Params:         0       0       0       0       0
      Locals:         0       0       0       0       0
      Temps:          0       0       0       0       0
      Totals:         0       0       0       0       0
Total ram usage:        0 bytes
 Hardware stack levels required when called:    6
 This function calls:
		_LCD_Init
		_LCD_Set_Cursor
		_UART_RX_Init
		_UART_Read
		_instruction_screen
		_led_on
		_screen_saver
		_splash_screen
		_start_led_actions
 This function is called by:
		Startup code after reset
 This function uses a non-reentrant model


 *************** function _start_led_actions *****************
 Defined at:
		line 262 in file "main.c"
 Parameters:    Size  Location     Type
		None
 Auto vars:     Size  Location     Type
		None
 Return value:  Size  Location     Type
                  1    wreg      void 
 Registers used:
		wreg, fsr0l, fsr0h, status,2, status,0, btemp+1, pclath, cstack
 Tracked objects:
		On entry : 
		On exit  : 
		Unchanged: 
 Data sizes:     COMMON   BANK0   BANK1   BANK3   BANK2
      Params:         0       0       0       0       0
      Locals:         0       0       0       0       0
      Temps:          0       3       0       0       0
      Totals:         0       3       0       0       0
Total ram usage:        3 bytes
 Hardware stack levels used:    1
 Hardware stack levels required when called:    5
 This function calls:
		_LCD_Clear
		_LCD_Set_Cursor
		_LCD_Write_String
		_led_off
		_led_on
 This function is called by:
		_main
 This function uses a non-reentrant model


 *************** function _splash_screen *****************
 Defined at:
		line 112 in file "main.c"
 Parameters:    Size  Location     Type
		None
 Auto vars:     Size  Location     Type
		None
 Return value:  Size  Location     Type
                  1    wreg      void 
 Registers used:
		wreg, fsr0l, fsr0h, status,2, status,0, pclath, cstack
 Tracked objects:
		On entry : 
		On exit  : 
		Unchanged: 
 Data sizes:     COMMON   BANK0   BANK1   BANK3   BANK2
      Params:         0       0       0       0       0
      Locals:         0       0       0       0       0
      Temps:          0       3       0       0       0
      Totals:         0       3       0       0       0
Total ram usage:        3 bytes
 Hardware stack levels used:    1
 Hardware stack levels required when called:    5
 This function calls:
		_LCD_Clear
		_led_testing
		_new_led
 This function is called by:
		_main
 This function uses a non-reentrant model


 *************** function _new_led *****************
 Defined at:
		line 15 in file "led.c"
 Parameters:    Size  Location     Type
  pin_number      1    wreg     unsigned char 
 Auto vars:     Size  Location     Type
  pin_number      1    3[COMMON] unsigned char 
 Return value:  Size  Location     Type
                  1    wreg      void 
 Registers used:
		wreg, fsr0l, fsr0h, status,2, status,0
 Tracked objects:
		On entry : 
		On exit  : 
		Unchanged: 
 Data sizes:     COMMON   BANK0   BANK1   BANK3   BANK2
      Params:         0       0       0       0       0
      Locals:         1       0       0       0       0
      Temps:          0       0       0       0       0
      Totals:         1       0       0       0       0
Total ram usage:        1 bytes
 Hardware stack levels used:    1
 Hardware stack levels required when called:    2
 This function calls:
		Nothing
 This function is called by:
		_splash_screen
 This function uses a non-reentrant model


 *************** function _led_testing *****************
 Defined at:
		line 198 in file "main.c"
 Parameters:    Size  Location     Type
		None
 Auto vars:     Size  Location     Type
		None
 Return value:  Size  Location     Type
                  1    wreg      void 
 Registers used:
		wreg, fsr0l, fsr0h, status,2, status,0, pclath, cstack
 Tracked objects:
		On entry : 
		On exit  : 
		Unchanged: 
 Data sizes:     COMMON   BANK0   BANK1   BANK3   BANK2
      Params:         0       0       0       0       0
      Locals:         0       0       0       0       0
      Temps:          3       0       0       0       0
      Totals:         3       0       0       0       0
Total ram usage:        3 bytes
 Hardware stack levels used:    1
 Hardware stack levels required when called:    4
 This function calls:
		_led_off
		_led_on
		_start_led_actions2
 This function is called by:
		_splash_screen
 This function uses a non-reentrant model


 *************** function _start_led_actions2 *****************
 Defined at:
		line 300 in file "main.c"
 Parameters:    Size  Location     Type
		None
 Auto vars:     Size  Location     Type
		None
 Return value:  Size  Location     Type
                  1    wreg      void 
 Registers used:
		wreg, fsr0l, fsr0h, status,2, status,0, pclath, cstack
 Tracked objects:
		On entry : 
		On exit  : 
		Unchanged: 
 Data sizes:     COMMON   BANK0   BANK1   BANK3   BANK2
      Params:         0       0       0       0       0
      Locals:         0       0       0       0       0
      Temps:          0       0       0       0       0
      Totals:         0       0       0       0       0
Total ram usage:        0 bytes
 Hardware stack levels used:    1
 Hardware stack levels required when called:    3
 This function calls:
		_led_off
		_led_on
 This function is called by:
		_led_testing
 This function uses a non-reentrant model


 *************** function _led_on *****************
 Defined at:
		line 132 in file "led.c"
 Parameters:    Size  Location     Type
  pin_number      1    wreg     unsigned char 
 Auto vars:     Size  Location     Type
  pin_number      1    5[COMMON] unsigned char 
 Return value:  Size  Location     Type
                  1    wreg      void 
 Registers used:
		wreg, fsr0l, fsr0h, status,2, status,0
 Tracked objects:
		On entry : 
		On exit  : 
		Unchanged: 
 Data sizes:     COMMON   BANK0   BANK1   BANK3   BANK2
      Params:         0       0       0       0       0
      Locals:         1       0       0       0       0
      Temps:          2       0       0       0       0
      Totals:         3       0       0       0       0
Total ram usage:        3 bytes
 Hardware stack levels used:    1
 Hardware stack levels required when called:    2
 This function calls:
		Nothing
 This function is called by:
		_main
		_led_testing
		_start_led_actions
		_start_led_actions2
 This function uses a non-reentrant model


 *************** function _led_off *****************
 Defined at:
		line 185 in file "led.c"
 Parameters:    Size  Location     Type
  pin_number      1    wreg     unsigned char 
 Auto vars:     Size  Location     Type
  pin_number      1    3[COMMON] unsigned char 
 Return value:  Size  Location     Type
                  1    wreg      void 
 Registers used:
		wreg, fsr0l, fsr0h, status,2, status,0
 Tracked objects:
		On entry : 
		On exit  : 
		Unchanged: 
 Data sizes:     COMMON   BANK0   BANK1   BANK3   BANK2
      Params:         0       0       0       0       0
      Locals:         1       0       0       0       0
      Temps:          0       0       0       0       0
      Totals:         1       0       0       0       0
Total ram usage:        1 bytes
 Hardware stack levels used:    1
 Hardware stack levels required when called:    2
 This function calls:
		Nothing
 This function is called by:
		_led_testing
		_start_led_actions
		_start_led_actions2
 This function uses a non-reentrant model


 *************** function _screen_saver *****************
 Defined at:
		line 336 in file "main.c"
 Parameters:    Size  Location     Type
		None
 Auto vars:     Size  Location     Type
  i               2   14[BANK0 ] int 
  i               2   12[BANK0 ] int 
  i               2   10[BANK0 ] int 
  i               2    8[BANK0 ] int 
 Return value:  Size  Location     Type
                  1    wreg      void 
 Registers used:
		wreg, fsr0l, fsr0h, status,2, status,0, btemp+1, pclath, cstack
 Tracked objects:
		On entry : 
		On exit  : 
		Unchanged: 
 Data sizes:     COMMON   BANK0   BANK1   BANK3   BANK2
      Params:         0       0       0       0       0
      Locals:         0       8       0       0       0
      Temps:          0       3       0       0       0
      Totals:         0      11       0       0       0
Total ram usage:       11 bytes
 Hardware stack levels used:    1
 Hardware stack levels required when called:    5
 This function calls:
		_LCD_Clear
		_LCD_SL
		_LCD_SR
		_LCD_Set_Cursor
		_LCD_Write_String
 This function is called by:
		_main
 This function uses a non-reentrant model


 *************** function _LCD_SR *****************
 Defined at:
		line 127 in file "lcd.c"
 Parameters:    Size  Location     Type
		None
 Auto vars:     Size  Location     Type
		None
 Return value:  Size  Location     Type
                  1    wreg      void 
 Registers used:
		wreg, status,2, status,0, pclath, cstack
 Tracked objects:
		On entry : 
		On exit  : 
		Unchanged: 
 Data sizes:     COMMON   BANK0   BANK1   BANK3   BANK2
      Params:         0       0       0       0       0
      Locals:         0       0       0       0       0
      Temps:          0       0       0       0       0
      Totals:         0       0       0       0       0
Total ram usage:        0 bytes
 Hardware stack levels used:    1
 Hardware stack levels required when called:    4
 This function calls:
		_LCD_CMD
 This function is called by:
		_screen_saver
 This function uses a non-reentrant model


 *************** function _instruction_screen *****************
 Defined at:
		line 371 in file "main.c"
 Parameters:    Size  Location     Type
		None
 Auto vars:     Size  Location     Type
  i               2   10[BANK0 ] int 
  i               2    8[BANK0 ] int 
 Return value:  Size  Location     Type
                  1    wreg      void 
 Registers used:
		wreg, fsr0l, fsr0h, status,2, status,0, btemp+1, pclath, cstack
 Tracked objects:
		On entry : 
		On exit  : 
		Unchanged: 
 Data sizes:     COMMON   BANK0   BANK1   BANK3   BANK2
      Params:         0       0       0       0       0
      Locals:         0       4       0       0       0
      Temps:          0       3       0       0       0
      Totals:         0       7       0       0       0
Total ram usage:        7 bytes
 Hardware stack levels used:    1
 Hardware stack levels required when called:    5
 This function calls:
		_LCD_Clear
		_LCD_SL
		_LCD_Set_Cursor
		_LCD_Write_String
 This function is called by:
		_main
 This function uses a non-reentrant model


 *************** function _LCD_Write_String *****************
 Defined at:
		line 114 in file "lcd.c"
 Parameters:    Size  Location     Type
  str             2    8[COMMON] PTR unsigned char 
		 -> STR_16(34), STR_15(38), STR_14(19), STR_13(8), 
		 -> STR_12(24), STR_11(8), STR_10(17), STR_9(18), 
		 -> STR_8(17), STR_7(15), STR_6(16), STR_5(16), 
		 -> STR_4(17), STR_3(16), STR_2(14), STR_1(15), 
 Auto vars:     Size  Location     Type
  i               2    3[BANK0 ] int 
 Return value:  Size  Location     Type
                  1    wreg      void 
 Registers used:
		wreg, fsr0l, fsr0h, status,2, status,0, btemp+1, pclath, cstack
 Tracked objects:
		On entry : 
		On exit  : 
		Unchanged: 
 Data sizes:     COMMON   BANK0   BANK1   BANK3   BANK2
      Params:         2       0       0       0       0
      Locals:         0       2       0       0       0
      Temps:          0       3       0       0       0
      Totals:         2       5       0       0       0
Total ram usage:        7 bytes
 Hardware stack levels used:    1
 Hardware stack levels required when called:    4
 This function calls:
		_LCD_Write_Char
 This function is called by:
		_start_led_actions
		_screen_saver
		_instruction_screen
 This function uses a non-reentrant model


 *************** function _LCD_Write_Char *****************
 Defined at:
		line 96 in file "lcd.c"
 Parameters:    Size  Location     Type
  Data            1    wreg     unsigned char 
 Auto vars:     Size  Location     Type
  Data            1    7[COMMON] unsigned char 
  High4           1    6[COMMON] unsigned char 
  Low4            1    5[COMMON] unsigned char 
 Return value:  Size  Location     Type
                  1    wreg      void 
 Registers used:
		wreg, status,2, status,0, pclath, cstack
 Tracked objects:
		On entry : 
		On exit  : 
		Unchanged: 
 Data sizes:     COMMON   BANK0   BANK1   BANK3   BANK2
      Params:         0       0       0       0       0
      Locals:         3       0       0       0       0
      Temps:          1       0       0       0       0
      Totals:         4       0       0       0       0
Total ram usage:        4 bytes
 Hardware stack levels used:    1
 Hardware stack levels required when called:    3
 This function calls:
		_LCD_DATA
 This function is called by:
		_LCD_Write_String
 This function uses a non-reentrant model


 *************** function _LCD_Set_Cursor *****************
 Defined at:
		line 75 in file "lcd.c"
 Parameters:    Size  Location     Type
  r               1    wreg     unsigned char 
  c               1    6[COMMON] unsigned char 
 Auto vars:     Size  Location     Type
  r               1    0[BANK0 ] unsigned char 
  Temp            1    3[BANK0 ] unsigned char 
  High4           1    2[BANK0 ] unsigned char 
  Low4            1    1[BANK0 ] unsigned char 
 Return value:  Size  Location     Type
                  1    wreg      void 
 Registers used:
		wreg, status,2, status,0, pclath, cstack
 Tracked objects:
		On entry : 
		On exit  : 
		Unchanged: 
 Data sizes:     COMMON   BANK0   BANK1   BANK3   BANK2
      Params:         1       0       0       0       0
      Locals:         0       4       0       0       0
      Temps:          2       0       0       0       0
      Totals:         3       4       0       0       0
Total ram usage:        7 bytes
 Hardware stack levels used:    1
 Hardware stack levels required when called:    4
 This function calls:
		_LCD_CMD
 This function is called by:
		_main
		_start_led_actions
		_screen_saver
		_instruction_screen
 This function uses a non-reentrant model


 *************** function _LCD_SL *****************
 Defined at:
		line 121 in file "lcd.c"
 Parameters:    Size  Location     Type
		None
 Auto vars:     Size  Location     Type
		None
 Return value:  Size  Location     Type
                  1    wreg      void 
 Registers used:
		wreg, status,2, status,0, pclath, cstack
 Tracked objects:
		On entry : 
		On exit  : 
		Unchanged: 
 Data sizes:     COMMON   BANK0   BANK1   BANK3   BANK2
      Params:         0       0       0       0       0
      Locals:         0       0       0       0       0
      Temps:          0       0       0       0       0
      Totals:         0       0       0       0       0
Total ram usage:        0 bytes
 Hardware stack levels used:    1
 Hardware stack levels required when called:    4
 This function calls:
		_LCD_CMD
 This function is called by:
		_screen_saver
		_instruction_screen
 This function uses a non-reentrant model


 *************** function _UART_Read *****************
 Defined at:
		line 67 in file "uart.c"
 Parameters:    Size  Location     Type
		None
 Auto vars:     Size  Location     Type
		None
 Return value:  Size  Location     Type
                  1    wreg      unsigned char 
 Registers used:
		wreg
 Tracked objects:
		On entry : 
		On exit  : 
		Unchanged: 
 Data sizes:     COMMON   BANK0   BANK1   BANK3   BANK2
      Params:         0       0       0       0       0
      Locals:         0       0       0       0       0
      Temps:          0       0       0       0       0
      Totals:         0       0       0       0       0
Total ram usage:        0 bytes
 Hardware stack levels used:    1
 Hardware stack levels required when called:    2
 This function calls:
		Nothing
 This function is called by:
		_main
 This function uses a non-reentrant model


 *************** function _UART_RX_Init *****************
 Defined at:
		line 32 in file "uart.c"
 Parameters:    Size  Location     Type
		None
 Auto vars:     Size  Location     Type
		None
 Return value:  Size  Location     Type
                  1    wreg      void 
 Registers used:
		wreg
 Tracked objects:
		On entry : 
		On exit  : 
		Unchanged: 
 Data sizes:     COMMON   BANK0   BANK1   BANK3   BANK2
      Params:         0       0       0       0       0
      Locals:         0       0       0       0       0
      Temps:          0       0       0       0       0
      Totals:         0       0       0       0       0
Total ram usage:        0 bytes
 Hardware stack levels used:    1
 Hardware stack levels required when called:    2
 This function calls:
		Nothing
 This function is called by:
		_main
 This function uses a non-reentrant model


 *************** function _LCD_Init *****************
 Defined at:
		line 12 in file "lcd.c"
 Parameters:    Size  Location     Type
		None
 Auto vars:     Size  Location     Type
		None
 Return value:  Size  Location     Type
                  1    wreg      void 
 Registers used:
		wreg, status,2, status,0, pclath, cstack
 Tracked objects:
		On entry : 
		On exit  : 
		Unchanged: 
 Data sizes:     COMMON   BANK0   BANK1   BANK3   BANK2
      Params:         0       0       0       0       0
      Locals:         0       0       0       0       0
      Temps:          2       0       0       0       0
      Totals:         2       0       0       0       0
Total ram usage:        2 bytes
 Hardware stack levels used:    1
 Hardware stack levels required when called:    5
 This function calls:
		_LCD_CMD
		_LCD_Clear
		_LCD_DATA
 This function is called by:
		_main
 This function uses a non-reentrant model


 *************** function _LCD_Clear *****************
 Defined at:
		line 69 in file "lcd.c"
 Parameters:    Size  Location     Type
		None
 Auto vars:     Size  Location     Type
		None
 Return value:  Size  Location     Type
                  1    wreg      void 
 Registers used:
		wreg, status,2, status,0, pclath, cstack
 Tracked objects:
		On entry : 
		On exit  : 
		Unchanged: 
 Data sizes:     COMMON   BANK0   BANK1   BANK3   BANK2
      Params:         0       0       0       0       0
      Locals:         0       0       0       0       0
      Temps:          0       0       0       0       0
      Totals:         0       0       0       0       0
Total ram usage:        0 bytes
 Hardware stack levels used:    1
 Hardware stack levels required when called:    4
 This function calls:
		_LCD_CMD
 This function is called by:
		_splash_screen
		_start_led_actions
		_screen_saver
		_instruction_screen
		_LCD_Init
 This function uses a non-reentrant model


 *************** function _LCD_CMD *****************
 Defined at:
		line 57 in file "lcd.c"
 Parameters:    Size  Location     Type
  CMD             1    wreg     unsigned char 
 Auto vars:     Size  Location     Type
  CMD             1    5[COMMON] unsigned char 
 Return value:  Size  Location     Type
                  1    wreg      void 
 Registers used:
		wreg, status,2, status,0, pclath, cstack
 Tracked objects:
		On entry : 
		On exit  : 
		Unchanged: 
 Data sizes:     COMMON   BANK0   BANK1   BANK3   BANK2
      Params:         0       0       0       0       0
      Locals:         1       0       0       0       0
      Temps:          1       0       0       0       0
      Totals:         2       0       0       0       0
Total ram usage:        2 bytes
 Hardware stack levels used:    1
 Hardware stack levels required when called:    3
 This function calls:
		_LCD_DATA
 This function is called by:
		_LCD_Init
		_LCD_Clear
		_LCD_Set_Cursor
		_LCD_SL
		_LCD_SR
 This function uses a non-reentrant model


 *************** function _LCD_DATA *****************
 Defined at:
		line 37 in file "lcd.c"
 Parameters:    Size  Location     Type
  Data            1    wreg     unsigned char 
 Auto vars:     Size  Location     Type
  Data            1    3[COMMON] unsigned char 
 Return value:  Size  Location     Type
                  1    wreg      void 
 Registers used:
		wreg
 Tracked objects:
		On entry : 
		On exit  : 
		Unchanged: 
 Data sizes:     COMMON   BANK0   BANK1   BANK3   BANK2
      Params:         0       0       0       0       0
      Locals:         1       0       0       0       0
      Temps:          0       0       0       0       0
      Totals:         1       0       0       0       0
Total ram usage:        1 bytes
 Hardware stack levels used:    1
 Hardware stack levels required when called:    2
 This function calls:
		Nothing
 This function is called by:
		_LCD_Init
		_LCD_CMD
		_LCD_Write_Char
 This function uses a non-reentrant model


 *************** function _ISR *****************
 Defined at:
		line 94 in file "main.c"
 Parameters:    Size  Location     Type
		None
 Auto vars:     Size  Location     Type
		None
 Return value:  Size  Location     Type
                  1    wreg      void 
 Registers used:
		wreg, status,2, status,0, pclath, cstack
 Tracked objects:
		On entry : 
		On exit  : 
		Unchanged: 
 Data sizes:     COMMON   BANK0   BANK1   BANK3   BANK2
      Params:         0       0       0       0       0
      Locals:         0       0       0       0       0
      Temps:          2       0       0       0       0
      Totals:         2       0       0       0       0
Total ram usage:        2 bytes
 Hardware stack levels used:    1
 Hardware stack levels required when called:    1
 This function calls:
		_Is_Data_Recieved
 This function is called by:
		Interrupt level 1
 This function uses a non-reentrant model


 *************** function _Is_Data_Recieved *****************
 Defined at:
		line 95 in file "uart.c"
 Parameters:    Size  Location     Type
		None
 Auto vars:     Size  Location     Type
		None
 Return value:  Size  Location     Type
                  1    wreg      unsigned char 
 Registers used:
		wreg, status,2, status,0
 Tracked objects:
		On entry : 
		On exit  : 
		Unchanged: 
 Data sizes:     COMMON   BANK0   BANK1   BANK3   BANK2
      Params:         0       0       0       0       0
      Locals:         0       0       0       0       0
      Temps:          1       0       0       0       0
      Totals:         1       0       0       0       0
Total ram usage:        1 bytes
 Hardware stack levels used:    1
 This function calls:
		Nothing
 This function is called by:
		_ISR
 This function uses a non-reentrant model



MODULE INFORMATION

Module		Function		Class		Link	Load	Size
uart.c
		_UART_Read     		CODE           	0F8D	0000	4
		_UART_RX_Init  		CODE           	0FBA	0000	16
		_Is_Data_Recieved		CODE           	0F91	0000	7

uart.c estimated size: 27

shared
		__stringtab    		STRING         	02E3	0000	18
		__initialization		CODE           	000F	0000	5

shared estimated size: 23

lcd.c
		_LCD_Init      		CODE           	05AA	0000	103
		_LCD_Write_Char		CODE           	074B	0000	69
		_LCD_CMD       		CODE           	07E9	0000	22
		_LCD_DATA      		CODE           	07CF	0000	26
		_LCD_Set_Cursor		CODE           	0700	0000	75
		_LCD_Clear     		CODE           	0F98	0000	11
		_LCD_SL        		CODE           	0FA3	0000	11
		_LCD_SR        		CODE           	02F5	0000	11
		_LCD_Write_String		CODE           	0790	0000	63

lcd.c estimated size: 391

main.c
		_instruction_screen		CODE           	04F0	0000	186
		_start_led_actions		CODE           	014A	0000	287
		_ISR           		CODE           	0FAE	0000	12
		_start_led_actions2		CODE           	0611	0000	84
		_main          		CODE           	0269	0000	61
		_screen_saver  		CODE           	041C	0000	212
		_led_testing   		CODE           	0018	0000	306
		_splash_screen 		CODE           	0FCA	0000	54

main.c estimated size: 1202

led.c
		_led_off       		CODE           	02A6	0000	61
		_led_on        		CODE           	06B4	0000	76
		_new_led       		CODE           	0665	0000	79

led.c estimated size: 216

